// Jest Snapshot v1, https://goo.gl/fbAQLP

exports[`ErrorMessage component should render correctly 1`] = `
<View
  style={
    [
      {
        "alignItems": "center",
        "flex": 1,
        "justifyContent": "center",
        "padding": 10,
      },
      undefined,
    ]
  }
  testID="errorContainer"
>
  <Text
    style={
      [
        {
          "color": "#343434",
          "fontSize": 16,
        },
        [
          {
            "color": "#C03403",
            "fontSize": 18,
            "lineHeight": 28,
            "textAlign": "center",
          },
          undefined,
        ],
      ]
    }
  >
    An error occurred
  </Text>
</View>
`;
